mvn : WARNING: A terminally deprecated method in 
sun.misc.Unsafe has been called
At line:1 char:64
+ ...  Java\Workspace\spring-boot-no-jwt"; mvn 
spring-boot:run 2>&1 | Tee-O ...
+                                          
~~~~~~~~~~~~~~~~~~~~~~~~
    + CategoryInfo          : NotSpecified: (WARNING: A t 
   erm...has been called:String) [], RemoteException
    + FullyQualifiedErrorId : NativeCommandError
 
WARNING: sun.misc.Unsafe::staticFieldBase has been called 
by com.google.inject.internal.aop.HiddenClassDefiner (file
:/C:/Program%20Files/Maven/apache-maven-4.0.0-rc-4/lib/gui
ce-5.1.0-classes.jar)
WARNING: Please consider reporting this to the 
maintainers of class 
com.google.inject.internal.aop.HiddenClassDefiner
WARNING: sun.misc.Unsafe::staticFieldBase will be removed 
in a future release
[WARNING] Unable to find the root directory. Create a .mvn directory in the root directory or add the root="true" attribute on the root project's model to identify it.
[INFO] Scanning for projects...
[WARNING] 
[WARNING] 1 problem was encountered while building the effective model for 'com.spring-boot-no-jwt:spring-boot-no-jwt:jar:1.0' (use -e to see details)
[WARNING] 
[WARNING] Total model problems reported: 1
[WARNING] 
[WARNING] It is highly recommended to fix these problems because they threaten the stability of your build.
[WARNING] 
[WARNING] For this reason, future Maven versions might no longer support building such malformed projects.
[WARNING] 
[INFO] 
[INFO] -------------< com.spring-boot-no-jwt:spring-boot-no-jwt >--------------
[INFO] Building spring-boot-no-jwt 1.0
[INFO]   from pom.xml
[INFO] --------------------------------[ jar ]---------------------------------
[INFO] 
[INFO] >>> spring-boot:3.4.1:run (default-cli) > test-compile @ spring-boot-no-jwt >>>
[WARNING] The artifact mysql:mysql-connector-java:jar:8.0.33 has been relocated to com.mysql:mysql-connector-j:jar:8.0.33: MySQL Connector/J artifacts moved to reverse-DNS compliant Maven 2+ coordinates.
[INFO] 
[INFO] --- resources:3.3.1:resources (default-resources) @ spring-boot-no-jwt ---
[INFO] Copying 3 resources from src\main\resources to target\classes
[INFO] Copying 0 resource from src\main\resources to target\classes
[INFO] 
[INFO] --- compiler:3.13.0:compile (default-compile) @ spring-boot-no-jwt ---
[INFO] Nothing to compile - all classes are up to date.
[INFO] 
[INFO] --- resources:3.3.1:testResources (default-testResources) @ spring-boot-no-jwt ---
[INFO] Copying 0 resource from src\test\resources to target\test-classes
[INFO] 
[INFO] --- compiler:3.13.0:testCompile (default-testCompile) @ spring-boot-no-jwt ---
[INFO] Nothing to compile - all classes are up to date.
[INFO] 
[INFO] <<< spring-boot:3.4.1:run (default-cli) < test-compile @ spring-boot-no-jwt <<<
[INFO] 
[INFO] 
[INFO] --- spring-boot:3.4.1:run (default-cli) @ spring-boot-no-jwt ---
[INFO] Attaching agents: []

  .   ____          _            __ _ _
 /\\ / ___'_ __ _ _(_)_ __  __ _ \ \ \ \
( ( )\___ | '_ | '_| | '_ \/ _` | \ \ \ \
 \\/  ___)| |_)| | | | | || (_| |  ) ) ) )
  '  |____| .__|_| |_|_| |_\__, | / / / /
 =========|_|==============|___/=/_/_/_/

 :: Spring Boot ::                (v3.4.1)

2026-01-05T22:53:36.887+07:00  INFO 5664 --- [  restartedMain] com.springBootNoJwt.MainApplication      : Starting MainApplication using Java 24.0.1 with PID 5664 (D:\INFORMATION\Backend Java\Workspace\spring-boot-no-jwt\target\classes started by DELL in D:\INFORMATION\Backend Java\Workspace\spring-boot-no-jwt)
2026-01-05T22:53:36.890+07:00  INFO 5664 --- [  restartedMain] com.springBootNoJwt.MainApplication      : The following 1 profile is active: "dev"
2026-01-05T22:53:36.945+07:00  INFO 5664 --- [  restartedMain] .e.DevToolsPropertyDefaultsPostProcessor : Devtools property defaults active! Set 'spring.devtools.add-properties' to 'false' to disable
2026-01-05T22:53:36.945+07:00  INFO 5664 --- [  restartedMain] .e.DevToolsPropertyDefaultsPostProcessor : For additional web related logging consider setting the 'logging.level.web' property to 'DEBUG'
2026-01-05T22:53:37.602+07:00  INFO 5664 --- [  restartedMain] .s.d.r.c.RepositoryConfigurationDelegate : Bootstrapping Spring Data JPA repositories in DEFAULT mode.
2026-01-05T22:53:37.634+07:00  INFO 5664 --- [  restartedMain] .s.d.r.c.RepositoryConfigurationDelegate : Finished Spring Data repository scanning in 22 ms. Found 0 JPA repository interfaces.
2026-01-05T22:53:37.987+07:00  WARN 5664 --- [  restartedMain] trationDelegate$BeanPostProcessorChecker : Bean 'org.springframework.ws.config.annotation.DelegatingWsConfiguration' of type [org.springframework.ws.config.annotation.DelegatingWsConfiguration$$SpringCGLIB$$0] is not eligible for getting processed by all BeanPostProcessors (for example: not eligible for auto-proxying). The currently created BeanPostProcessor [annotationActionEndpointMapping] is declared through a non-static factory method on that class; consider declaring it as static instead.
2026-01-05T22:53:38.011+07:00  INFO 5664 --- [  restartedMain] .w.s.a.s.AnnotationActionEndpointMapping : Supporting [WS-Addressing August 2004, WS-Addressing 1.0]
WARNING: A restricted method in java.lang.System has been called
WARNING: java.lang.System::load has been called by org.apache.tomcat.jni.Library in an unnamed module (file:/C:/Users/DELL/.m2/repository/org/apache/tomcat/embed/tomcat-embed-core/10.1.34/tomcat-embed-core-10.1.34.jar)
WARNING: Use --enable-native-access=ALL-UNNAMED to avoid a warning for callers in this module
WARNING: Restricted methods will be blocked in a future release unless native access is enabled

2026-01-05T22:53:38.333+07:00  INFO 5664 --- [  restartedMain] o.s.b.w.embedded.tomcat.TomcatWebServer  : Tomcat initialized with port 8081 (http)
2026-01-05T22:53:38.349+07:00  INFO 5664 --- [  restartedMain] o.apache.catalina.core.StandardService   : Starting service [Tomcat]
2026-01-05T22:53:38.349+07:00  INFO 5664 --- [  restartedMain] o.apache.catalina.core.StandardEngine    : Starting Servlet engine: [Apache Tomcat/10.1.34]
2026-01-05T22:53:38.406+07:00  INFO 5664 --- [  restartedMain] o.a.c.c.C.[Tomcat].[localhost].[/]       : Initializing Spring embedded WebApplicationContext
2026-01-05T22:53:38.407+07:00  INFO 5664 --- [  restartedMain] w.s.c.ServletWebServerApplicationContext : Root WebApplicationContext: initialization completed in 1460 ms
2026-01-05T22:53:38.619+07:00  INFO 5664 --- [  restartedMain] o.hibernate.jpa.internal.util.LogHelper  : HHH000204: Processing PersistenceUnitInfo [name: default]
2026-01-05T22:53:38.719+07:00  INFO 5664 --- [  restartedMain] org.hibernate.Version                    : HHH000412: Hibernate ORM core version 6.6.4.Final
2026-01-05T22:53:38.768+07:00  INFO 5664 --- [  restartedMain] o.h.c.internal.RegionFactoryInitiator    : HHH000026: Second-level cache disabled
2026-01-05T22:53:39.067+07:00  INFO 5664 --- [  restartedMain] o.s.o.j.p.SpringPersistenceUnitInfo      : No LoadTimeWeaver setup: ignoring JPA class transformer
2026-01-05T22:53:39.093+07:00  INFO 5664 --- [  restartedMain] com.zaxxer.hikari.HikariDataSource       : HikariPool-1 - Starting...
2026-01-05T22:53:39.269+07:00  INFO 5664 --- [  restartedMain] com.zaxxer.hikari.pool.HikariPool        : HikariPool-1 - Added connection com.mysql.cj.jdbc.ConnectionImpl@f332bc2
2026-01-05T22:53:39.272+07:00  INFO 5664 --- [  restartedMain] com.zaxxer.hikari.HikariDataSource       : HikariPool-1 - Start completed.
2026-01-05T22:53:39.311+07:00  WARN 5664 --- [  restartedMain] org.hibernate.dialect.Dialect            : HHH000511: The 5.5.5 version for [org.hibernate.dialect.MySQLDialect] is no longer supported, hence certain features may not work properly. The minimum supported version is 8.0.0. Check the community dialects project for available legacy versions.
2026-01-05T22:53:39.316+07:00  WARN 5664 --- [  restartedMain] org.hibernate.orm.deprecation            : HHH90000025: MySQLDialect does not need to be specified explicitly using 'hibernate.dialect' (remove the property setting and it will be selected by default)
2026-01-05T22:53:39.336+07:00  INFO 5664 --- [  restartedMain] org.hibernate.orm.connections.pooling    : HHH10001005: Database info:
	Database JDBC URL [Connecting through datasource 'HikariDataSource (HikariPool-1)']
	Database driver: undefined/unknown
	Database version: 5.5.5
	Autocommit mode: undefined/unknown
	Isolation level: undefined/unknown
	Minimum pool size: undefined/unknown
	Maximum pool size: undefined/unknown
2026-01-05T22:53:40.327+07:00  INFO 5664 --- [  restartedMain] o.h.e.t.j.p.i.JtaPlatformInitiator       : HHH000489: No JTA platform available (set 'hibernate.transaction.jta.platform' to enable JTA platform integration)
2026-01-05T22:53:40.331+07:00  INFO 5664 --- [  restartedMain] j.LocalContainerEntityManagerFactoryBean : Initialized JPA EntityManagerFactory for persistence unit 'default'
WARNING: A terminally deprecated method in sun.misc.Unsafe has been called
WARNING: sun.misc.Unsafe::staticFieldOffset has been called by org.modelmapper.internal.typetools.TypeResolver (file:/C:/Users/DELL/.m2/repository/org/modelmapper/modelmapper/3.2.0/modelmapper-3.2.0.jar)
WARNING: Please consider reporting this to the maintainers of class org.modelmapper.internal.typetools.TypeResolver
WARNING: sun.misc.Unsafe::staticFieldOffset will be removed in a future release
2026-01-05T22:53:40.469+07:00  WARN 5664 --- [  restartedMain] JpaBaseConfiguration$JpaWebConfiguration : spring.jpa.open-in-view is enabled by default. Therefore, database queries may be performed during view rendering. Explicitly configure spring.jpa.open-in-view to disable this warning
2026-01-05T22:53:40.856+07:00  INFO 5664 --- [  restartedMain] o.s.b.d.a.OptionalLiveReloadServer       : LiveReload server is running on port 35729
2026-01-05T22:53:40.896+07:00  INFO 5664 --- [  restartedMain] o.s.b.w.embedded.tomcat.TomcatWebServer  : Tomcat started on port 8081 (http) with context path '/'
2026-01-05T22:53:40.908+07:00  INFO 5664 --- [  restartedMain] com.springBootNoJwt.MainApplication      : Started MainApplication in 4.469 seconds (process running for 4.951)
